// Jest Snapshot v1, https://goo.gl/fbAQLP

exports[`Staged Participant renders the UI as expected 1`] = `
<div
  className="staged-participant"
>
  NAME
</div>
`;
